SUMMARY:
	ROM0: 9839 bytes used / 6545 free
	WRAM0: 32 bytes used / 4064 free
	HRAM: 21 bytes used / 106 free

ROM0 bank #0:
	SECTION: $0000-$003f ($0040 bytes) ["RESERVED"]
	SECTION: $0040-$0046 ($0007 bytes) ["VBLANKINT"]
	EMPTY: $0047-$00ff ($00b9 bytes)
	SECTION: $0100-$014f ($0050 bytes) ["HEADER"]
	SECTION: $0150-$01b2 ($0063 bytes) ["STARTUPCODE"]
	         $0150 = EntryPoint
	         $0178 = EntryPoint.waitVbl_u14
	SECTION: $01b3-$12f4 ($1142 bytes) ["MUSIC"]
	         $01b3 = BWV846_Bass
	         $01b3 = BWV846
	         $0243 = BWV846_Treble
	         $0243 = BWV846_BassEnd
	         $0393 = DiatonicC_Bass
	         $0393 = DiatonicC
	         $0393 = BWV846_TrebleEnd
	         $03c3 = DiatonicC_Treble
	         $03c3 = DiatonicC_BassEnd
	         $03f3 = DiatonicCAlt_Bass
	         $03f3 = DiatonicC_TrebleEnd
	         $03f5 = BWV846Full_Bass
	         $03f5 = DiatonicCAlt_BassEnd
	         $086f = BWV846Full_Treble
	         $086f = BWV846Full_BassEnd
	         $12f5 = BWV846Full_TrebleEnd
	SECTION: $12f5-$1a5c ($0768 bytes) ["PROGRAM"]
	         $12f5 = OffsetAddressBlockPos
	         $12f5 = Libraries
	         $12fc = OffsetAddressBlockPos.loopMul
	         $1307 = OffsetAddressBlockNeg
	         $1308 = OffsetAddressBlockNeg.loopw
	         $1314 = OffsetAddressBlockNeg.complex
	         $1319 = OffsetAddressBlockNeg.loopend
	         $1321 = Memcopy
	         $1321 = Memcopy.lpm
	         $132a = MemcopySafe
	         $132d = MemcopySafe.lpm
	         $1339 = InitMemChunk
	         $1339 = InitMemChunk.lp
	         $1341 = LoadTilemapWithPositiveOffset
	         $1346 = LoadTilemapWithPositiveOffset.loadLoop
	         $134c = LoadTilemapWithPositiveOffset.ldr_u1
	         $1354 = LoadTilemapWithPositiveOffset.ldr_u2
	         $135c = LoadTilemapWithPositiveOffset.ldr_u3
	         $1364 = LoadTilemapWithPositiveOffset.ldr_u4
	         $136c = LoadTilemapWithPositiveOffset.endLt
	         $136e = LoadTilemapWithNegativeOffset
	         $1373 = LoadTilemapWithNegativeOffset.loadLoop
	         $1379 = LoadTilemapWithNegativeOffset.ldr_u5
	         $1381 = LoadTilemapWithNegativeOffset.ldr_u6
	         $1389 = LoadTilemapWithNegativeOffset.ldr_u7
	         $1391 = LoadTilemapWithNegativeOffset.ldr_u8
	         $1399 = LoadTilemapWithNegativeOffset.endLt
	         $139b = LoadTilemapWithOffset
	         $13a6 = LoadTilemapWithOffset.negOffset
	         $13ac = LoadTilemapWithOffset.eof
	         $13ae = CopyTilesWithOffset
	         $13b8 = CopyTilesWithOffset.negOffset
	         $13be = CopyTilesWithOffset.nowLoad
	         $13cd = CopyTilesWithOffset.handleCarry_u9
	         $13d0 = CopyTilesWithOffset.next_u9
	         $13d9 = CopyTilesWithOffset.handleCarry_u10
	         $13dc = CopyTilesWithOffset.next_u10
	         $13e5 = CopyTilesWithOffset.handleCarry_u11
	         $13e8 = CopyTilesWithOffset.next_u11
	         $13f1 = CopyTilesWithOffset.handleCarry_u12
	         $13f4 = CopyTilesWithOffset.next_u12
	         $13f8 = BlankTile
	         $141b = MergeTiles
	         $147c = MergeTilesByID
	         $1486 = MergeTilesByID.offsetA
	         $148a = MergeTilesByID.doneOffsetA
	         $149a = MergeTilesByID.offsetB
	         $149e = MergeTilesByID.doneOffsetB
	         $14ae = MergeTilesByID.offsetD
	         $14b2 = MergeTilesByID.doneOffsetD
	         $14be = MergeTilesByID.waitVbl_u13
	         $14c7 = PollInput
	         $151e = SetInputState
	         $1538 = GetNthEntryFromTextTable
	         $1544 = GetNthEntryFromTextTable.workloop
	         $1547 = GetNthEntryFromTextTable.incloop
	         $154d = GetNthEntryFromTextTable.incdone
	         $1553 = GetNthEntryFromTextTable.exit
	         $1557 = StrCpy
	         $1563 = StrCpy.strcpyLoop
	         $156e = StrCpy.endStrcpy
	         $1574 = StrCpyWithCleanup
	         $1580 = StrCpyWithCleanup.strcpyLoop
	         $158c = StrCpyWithCleanup.endStrcpy
	         $1590 = StrCpyWithCleanup.cleanup
	         $1596 = StrCpyWithCleanup.exit
	         $159a = TextToTilemap9800
	         $15a3 = TextToTilemap9800.loop
	         $15ae = TextToTilemap9800.exit
	         $15b0 = EndLibraries
	         $15b0 = SubstituteTiles
	         $15b1 = _RefreshStateMachine
	         $15b2 = MutateNonVisualGameState
	         $15b8 = MutateNonVisualGameState.f60sec
	         $15bf = MutateNonVisualGameState.f32
	         $15bf = MutateNonVisualGameState.labelRet
	         $15ca = MutateNonVisualGameState.f16
	         $15d2 = MutateNonVisualGameState.f8
	         $15da = MutateNonVisualGameState.f4
	         $15f1 = MutateNonVisualGameState.after4Frames
	         $15f4 = MutateVisualGameState
	         $1602 = MutateVisualGameState.f60sec
	         $1612 = MutateVisualGameState.f32
	         $161d = MutateVisualGameState.f16
	         $1625 = MutateVisualGameState.f8
	         $162d = MutateVisualGameState.f4
	         $1636 = MutateVisualGameState.after4Frames
	         $163a = _HandleSpeedAndMovement
	         $163e = _HandleSpeedAndMovement.accelerate
	         $164b = _HandleSpeedAndMovement.decelerate
	         $1652 = _HandleSpeedAndMovement.decelerateStrong
	         $1656 = _HandleSpeedAndMovement.decelerateLess
	         $165c = _HandleSpeedAndMovement.endSpeed
	         $165f = _HandleSpeedAndMovement.rotation
	         $166c = _HandleSpeedAndMovement.rotateLeft
	         $1670 = _HandleSpeedAndMovement.rotateRight
	         $1672 = _HandleSpeedAndMovement.endRotate
	         $1676 = LastInputsHandle
	         $169c = LastInputsHandle.err
	         $16a1 = LastInputsHandle.out
	         $16a2 = UpDownHandle
	         $16aa = UpDownHandle.downIsSet
	         $16b6 = UpDownHandle.upIsSet
	         $16c2 = UpDownHandle.unsetAll
	         $16cc = UpDownHandle.out
	         $16cd = LeftRightHandle
	         $16d5 = LeftRightHandle.leftIsSet
	         $16e1 = LeftRightHandle.rightIsSet
	         $16ed = LeftRightHandle.unsetAll
	         $16f7 = LeftRightHandle.out
	         $16f8 = AHandle
	         $1705 = AHandle.isset
	         $170a = AHandle.out
	         $170b = BHandle
	         $1718 = BHandle.isset
	         $171d = BHandle.out
	         $171e = StartHandle
	         $172b = StartHandle.isset
	         $1730 = StartHandle.out
	         $1731 = SelectHandle
	         $173e = SelectHandle.isset
	         $1743 = SelectHandle.out
	         $1744 = _WriteSpeedOnScreen
	         $175b = _WriteSpeedOnScreen.reconf$A
	         $1760 = _WriteSpeedOnScreen.noReconf$A
	         $176b = _WriteSpeedOnScreen.reconf$9
	         $1770 = _WriteSpeedOnScreen.noReconf$9
	         $177b = _WriteSpeedOnScreen.reconf$8
	         $1780 = _WriteSpeedOnScreen.noReconf$8
	         $178b = _WriteSpeedOnScreen.reconf$7
	         $1790 = _WriteSpeedOnScreen.noReconf$7
	         $179b = _WriteSpeedOnScreen.reconf$6
	         $17a0 = _WriteSpeedOnScreen.noReconf$6
	         $17ab = _WriteSpeedOnScreen.reconf$5
	         $17b0 = _WriteSpeedOnScreen.noReconf$5
	         $17bb = _WriteSpeedOnScreen.reconf$4
	         $17c0 = _WriteSpeedOnScreen.noReconf$4
	         $17cb = _WriteSpeedOnScreen.reconf$3
	         $17d0 = _WriteSpeedOnScreen.noReconf$3
	         $17db = _WriteSpeedOnScreen.reconf$2
	         $17e0 = _WriteSpeedOnScreen.noReconf$2
	         $17eb = _WriteSpeedOnScreen.reconf$1
	         $17f0 = _WriteSpeedOnScreen.noReconf$1
	         $17f0 = _endWsOS
	         $17f4 = _redrawScreen
	         $17f4 = _redrawScreen.loopRS
	         $17fb = _redrawScreen.noadd
	         $1806 = AudioPlay_DiatonicC_Treble
	         $1814 = AudioPlay_DiatonicC_Treble.nostoTimerCH2_u15
	         $181f = AudioPlay_DiatonicC_Treble.noHoldCH2_u15
	         $1824 = AudioPlay_DiatonicC_Treble.loadCH2_u15
	         $182d = AudioPlay_DiatonicC_Treble.noResetCH2_u15
	         $183a = AudioPlay_DiatonicC_Treble.loadCH2__u16
	         $183e = AudioPlay_DiatonicC_Treble.loadCH2__u17
	         $1842 = AudioPlay_DiatonicC_Treble.loadCH2__u18
	         $1846 = AudioPlay_DiatonicC_Treble.loadCH2__u19
	         $1854 = AudioPlay_DiatonicC_Treble.noloadCH2_u15
	         $1855 = AudioPlay_DiatonicC_Bass
	         $1863 = AudioPlay_DiatonicC_Bass.nostoTimerCH1_u20
	         $186e = AudioPlay_DiatonicC_Bass.noHoldCH1_u20
	         $1873 = AudioPlay_DiatonicC_Bass.loadCH1_u20
	         $187c = AudioPlay_DiatonicC_Bass.noResetCH1_u20
	         $1889 = AudioPlay_DiatonicC_Bass.loadCH1__u21
	         $188d = AudioPlay_DiatonicC_Bass.loadCH1__u22
	         $1891 = AudioPlay_DiatonicC_Bass.loadCH1__u23
	         $1895 = AudioPlay_DiatonicC_Bass.loadCH1__u24
	         $18a3 = AudioPlay_DiatonicC_Bass.noloadCH1_u20
	         $18a4 = AudioPlay_BWV846_Treble
	         $18b2 = AudioPlay_BWV846_Treble.nostoTimerCH2_u25
	         $18bd = AudioPlay_BWV846_Treble.noHoldCH2_u25
	         $18c2 = AudioPlay_BWV846_Treble.loadCH2_u25
	         $18cb = AudioPlay_BWV846_Treble.noResetCH2_u25
	         $18d8 = AudioPlay_BWV846_Treble.loadCH2__u26
	         $18dc = AudioPlay_BWV846_Treble.loadCH2__u27
	         $18e0 = AudioPlay_BWV846_Treble.loadCH2__u28
	         $18e4 = AudioPlay_BWV846_Treble.loadCH2__u29
	         $18f2 = AudioPlay_BWV846_Treble.noloadCH2_u25
	         $18f3 = AudioPlay_BWV846Full_Treble
	         $1903 = AudioPlay_BWV846Full_Treble.stillWaitingCH2_u30
	         $190e = AudioPlay_BWV846Full_Treble.afterHoldCH2_u30
	         $1913 = AudioPlay_BWV846Full_Treble.loadCH2_u30
	         $1921 = AudioPlay_BWV846Full_Treble.dIncreased
	         $1927 = AudioPlay_BWV846Full_Treble.dPostIncreased
	         $192c = AudioPlay_BWV846Full_Treble.postCounterIncrease
	         $1947 = AudioPlay_BWV846Full_Treble.postResetCheck
	         $1952 = AudioPlay_BWV846Full_Treble.loadCH2__u31
	         $1956 = AudioPlay_BWV846Full_Treble.loadCH2__u32
	         $195a = AudioPlay_BWV846Full_Treble.loadCH2__u33
	         $195e = AudioPlay_BWV846Full_Treble.loadCH2__u34
	         $196c = AudioPlay_BWV846Full_Treble.exitCH2_u30
	         $196f = AudioPlay_BWV846Full_Bass
	         $197d = AudioPlay_BWV846Full_Bass.nostoTimerCH1_u35
	         $1988 = AudioPlay_BWV846Full_Bass.noHoldCH1_u35
	         $198d = AudioPlay_BWV846Full_Bass.loadCH1_u35
	         $1996 = AudioPlay_BWV846Full_Bass.noResetCH1_u35
	         $19a3 = AudioPlay_BWV846Full_Bass.loadCH1__u36
	         $19a7 = AudioPlay_BWV846Full_Bass.loadCH1__u37
	         $19ab = AudioPlay_BWV846Full_Bass.loadCH1__u38
	         $19af = AudioPlay_BWV846Full_Bass.loadCH1__u39
	         $19bd = AudioPlay_BWV846Full_Bass.noloadCH1_u35
	         $19be = AudioPlay
	         $19d4 = AudioPlay.notPrelude
	         $19dc = AudioPlay.audioPlayEnd
	         $19dc = AudioPlay.notDiatonicC
	         $19df = AudioPlay_Prelude
	         $19e6 = AudioPlay_DiatonicC
	         $19ed = StartGame
	         $19ed = MainLoop
	         $19ed = MainLoop.nonVbl
	         $19fd = MainLoop.waitVbl_u40
	         $1a2c = VBlankInterruptHandler
	         $1a40 = VBlankInterruptHandler.noCarry
	         $1a55 = VBlankInterruptHandler.noIncSec
	         $1a58 = VBlankInterruptHandler.end
	SECTION: $1a5d-$1c31 ($01d5 bytes) ["TEXT_TABLES"]
	         $1a5d = hello
	         $1a5d = TextTables
	         $1a63 = SpeedTextDB
	         $1c31 = SpeedTextDBEnd
	EMPTY: $1c32-$1fff ($03ce bytes)
	SECTION: $2000-$2af5 ($0af6 bytes) ["GraphicsData"]
	         $2000 = FontData
	         $2000 = TilesROM
	         $25f0 = TileData
	         $25f0 = FontDataEnd
	         $2860 = TileMaps
	         $2860 = TilesROMEnd
	         $2860 = TitleScreenTM
	         $2860 = TileDataEnd
	         $2aa0 = PitchesTable
	         $2aa0 = TileMapsEnd
	         $2aa0 = EndTitleScreenTM
	         $2af6 = PitchesTableEnd
	EMPTY: $2af6-$3fff ($150a bytes)
	TOTAL EMPTY: $1991 bytes

VRAM bank #0:
	EMPTY: $8000-$8fff ($1000 bytes)
	SECTION: $9000 ($0000 bytes) ["TileSets"]
	EMPTY

WRAM0 bank #0:
	SECTION: $c000-$c013 ($0014 bytes) ["VARIABLES"]
	         $c000 = wNewlyPressed
	         $c000 = GlobalVariables
	         $c001 = wNewlyReleased
	         $c002 = wLastUpdatedInput
	         $c003 = wLastInputStrings
	         $c013 = wLastInputSPointer
	         $c014 = GlobalVariablesEnd
	SECTION: $c014-$c01f ($000c bytes) ["GameState"]
	         $c014 = GameState.room
	         $c014 = GameState
	         $c015 = GameState.movement
	         $c015 = GameState.velocity
	         $c016 = GameState.angle
	         $c017 = GameState.speedAsText
	         $c01f = GameState.stateMachineState
	         $c020 = GameStateEnd
	EMPTY: $c020-$cfff ($0fe0 bytes)
	TOTAL EMPTY: $0fe0 bytes

HRAM bank #0:
	SECTION: $ff80-$ff94 ($0015 bytes) ["HighVars"]
	         $ff80 = inVBlank
	         $ff80 = FirstHRAMEntry
	         $ff81 = wCurKeys
	         $ff82 = wPrevKeys
	         $ff83 = wTimeCounter
	         $ff84 = wFrameCounter
	         $ff85 = wFrameCounter60
	         $ff86 = wSecCounter
	         $ff87 = wMusicTrack
	         $ff88 = wMusicFlagsCH1
	         $ff89 = wMusicOffsetCH1
	         $ff8a = wMusicTimerCH1
	         $ff8b = wMusicFlagsCH2
	         $ff8c = wMusicOffsetCH2
	         $ff8d = wMusicTimerCH2
	         $ff8e = wMusicFlagsCH3
	         $ff8f = wMusicOffsetCH3
	         $ff90 = wMusicTimerCH3
	         $ff91 = wMusicFlagsCH4
	         $ff92 = wMusicOffsetCH4
	         $ff93 = wMusicTimerCH4
	         $ff94 = lastEntry
	EMPTY: $ff95-$fffe ($006a bytes)
	TOTAL EMPTY: $006a bytes
